// Jest Snapshot v1, https://goo.gl/fbAQLP

exports[`NameDisplay Component renders correctly after delay and matches snapshot 1`] = `
<DocumentFragment>
  <div
    class="text-white"
  >
    <p
      class="text-5xl font-rigid-reguler"
    >
      Raihan
    </p>
    <p
      class="text-9xl font-rigid-medium"
    >
      Ganteng
    </p>
  </div>
</DocumentFragment>
`;
