// Jest Snapshot v1, https://goo.gl/fbAQLP

exports[`NavigationButton must match snapshot 1`] = `
<DocumentFragment>
  <a
    class="border-white border-2 border-solid text-center rounded-xl p-2 text-white w-20 md:w-50 hover:cursor-pointer text-sm md:text-2xl font-mono hover:border-b-4 hover:border-blue-600 hover:border-t-0 hover:border-r-0 hover:border-l-1 hover:bg-black hover:rounded-lg"
    data-discover="true"
    href="/resume"
  >
    Halo
  </a>
</DocumentFragment>
`;
